---
source: tests/snapshot.rs
expression: buf
---
(assert 1 2)

