---
source: macro/tests/snapshot.rs
expression: buf
---
(=>
  (assert 1 2)
  (assert 1 2)
)

