---
source: macro/tests/snapshot.rs
expression: buf
---
(forall [x]
  (= x x)
)

