---
source: macro/tests/snapshot.rs
expression: buf
---
(=>
  (not
    (= x 0)
  )
  (> y 1)
)

