---
source: macro/tests/snapshot.rs
expression: buf
---
(= y
  (+ x 1)
)

