---
source: tests/parser.rs
expression: ast
---
Taurus {
    defs: [],
}
